#-----------------------------------------------------------
# Vivado v2023.1 (64-bit)
# SW Build 3865809 on Sun May  7 15:05:29 MDT 2023
# IP Build 3864474 on Sun May  7 20:36:21 MDT 2023
# SharedData Build 3865790 on Sun May 07 13:33:03 MDT 2023
# Start of session at: Mon Sep 18 09:31:43 2023
# Process ID: 5572
# Current directory: C:/Users/82106/Documents/GitHub/ECE_exp2/week3/4to2priorityencoder/encoder/encoder.runs/synth_1
# Command line: vivado.exe -log encoder.vds -product Vivado -mode batch -messageDb vivado.pb -notrace -source encoder.tcl
# Log file: C:/Users/82106/Documents/GitHub/ECE_exp2/week3/4to2priorityencoder/encoder/encoder.runs/synth_1/encoder.vds
# Journal file: C:/Users/82106/Documents/GitHub/ECE_exp2/week3/4to2priorityencoder/encoder/encoder.runs/synth_1\vivado.jou
# Running On: BAYERNchampions, OS: Windows, CPU Frequency: 2496 MHz, CPU Physical cores: 4, Host memory: 16873 MB
#-----------------------------------------------------------
source encoder.tcl -notrace
