#-----------------------------------------------------------
# Vivado v2022.2 (64-bit)
# SW Build 3671981 on Fri Oct 14 05:00:03 MDT 2022
# IP Build 3669848 on Fri Oct 14 08:30:02 MDT 2022
# Start of session at: Fri Sep  8 22:34:36 2023
# Process ID: 12072
# Current directory: C:/Users/82106/Documents/GitHub/ECE_exp2/week2/week2_logicgate/logicgate
# Command line: vivado.exe -gui_launcher_event rodinguilauncherevent5696 C:\Users\82106\Documents\GitHub\ECE_exp2\week2\week2_logicgate\logicgate\logicgate.xpr
# Log file: C:/Users/82106/Documents/GitHub/ECE_exp2/week2/week2_logicgate/logicgate/vivado.log
# Journal file: C:/Users/82106/Documents/GitHub/ECE_exp2/week2/week2_logicgate/logicgate\vivado.jou
# Running On: BAYERNchampions, OS: Windows, CPU Frequency: 2496 MHz, CPU Physical cores: 4, Host memory: 16873 MB
#-----------------------------------------------------------
start_gui
open_project C:/Users/82106/Documents/GitHub/ECE_exp2/week2/week2_logicgate/logicgate/logicgate.xpr
update_compile_order -fileset sources_1
open_run impl_1
