#-----------------------------------------------------------
# Vivado v2023.1 (64-bit)
# SW Build 3865809 on Sun May  7 15:05:29 MDT 2023
# IP Build 3864474 on Sun May  7 20:36:21 MDT 2023
# SharedData Build 3865790 on Sun May 07 13:33:03 MDT 2023
# Start of session at: Mon Nov 13 09:39:48 2023
# Process ID: 14256
# Current directory: C:/Users/82106/Documents/GitHub/ECE_exp2/week11/text_LCD/text_LCD
# Command line: vivado.exe -gui_launcher_event rodinguilauncherevent3284 C:\Users\82106\Documents\GitHub\ECE_exp2\week11\text_LCD\text_LCD\text_LCD.xpr
# Log file: C:/Users/82106/Documents/GitHub/ECE_exp2/week11/text_LCD/text_LCD/vivado.log
# Journal file: C:/Users/82106/Documents/GitHub/ECE_exp2/week11/text_LCD/text_LCD\vivado.jou
# Running On: BAYERNchampions, OS: Windows, CPU Frequency: 2496 MHz, CPU Physical cores: 4, Host memory: 16873 MB
#-----------------------------------------------------------
start_gui
open_project C:/Users/82106/Documents/GitHub/ECE_exp2/week11/text_LCD/text_LCD/text_LCD.xpr
update_compile_order -fileset sources_1
open_hw_manager
connect_hw_server -allow_non_jtag
open_hw_target
set_property PROGRAM.FILE {C:/Users/82106/Documents/GitHub/ECE_exp2/week11/text_LCD/text_LCD/text_LCD.runs/impl_1/text_LCD_basic.bit} [get_hw_devices xc7s75_0]
current_hw_device [get_hw_devices xc7s75_0]
refresh_hw_device -update_hw_probes false [lindex [get_hw_devices xc7s75_0] 0]
set_property PROBES.FILE {} [get_hw_devices xc7s75_0]
set_property FULL_PROBES.FILE {} [get_hw_devices xc7s75_0]
set_property PROGRAM.FILE {C:/Users/82106/Documents/GitHub/ECE_exp2/week11/text_LCD/text_LCD/text_LCD.runs/impl_1/text_LCD_basic.bit} [get_hw_devices xc7s75_0]
program_hw_devices [get_hw_devices xc7s75_0]
refresh_hw_device [lindex [get_hw_devices xc7s75_0] 0]
set_property PROBES.FILE {} [get_hw_devices xc7s75_0]
set_property FULL_PROBES.FILE {} [get_hw_devices xc7s75_0]
set_property PROGRAM.FILE {C:/Users/82106/Documents/GitHub/ECE_exp2/week11/text_LCD/text_LCD/text_LCD.runs/impl_1/text_LCD_basic.bit} [get_hw_devices xc7s75_0]
program_hw_devices [get_hw_devices xc7s75_0]
refresh_hw_device [lindex [get_hw_devices xc7s75_0] 0]
close_hw_manager
reset_run synth_1
launch_runs impl_1 -jobs 4
wait_on_run impl_1
launch_runs impl_1 -to_step write_bitstream -jobs 4
wait_on_run impl_1
open_hw_manager
connect_hw_server -allow_non_jtag
open_hw_target
set_property PROGRAM.FILE {C:/Users/82106/Documents/GitHub/ECE_exp2/week11/text_LCD/text_LCD/text_LCD.runs/impl_1/text_LCD_basic.bit} [get_hw_devices xc7s75_0]
current_hw_device [get_hw_devices xc7s75_0]
refresh_hw_device -update_hw_probes false [lindex [get_hw_devices xc7s75_0] 0]
set_property PROBES.FILE {} [get_hw_devices xc7s75_0]
set_property FULL_PROBES.FILE {} [get_hw_devices xc7s75_0]
set_property PROGRAM.FILE {C:/Users/82106/Documents/GitHub/ECE_exp2/week11/text_LCD/text_LCD/text_LCD.runs/impl_1/text_LCD_basic.bit} [get_hw_devices xc7s75_0]
program_hw_devices [get_hw_devices xc7s75_0]
refresh_hw_device [lindex [get_hw_devices xc7s75_0] 0]
set_property PROBES.FILE {} [get_hw_devices xc7s75_0]
set_property FULL_PROBES.FILE {} [get_hw_devices xc7s75_0]
set_property PROGRAM.FILE {C:/Users/82106/Documents/GitHub/ECE_exp2/week11/text_LCD/text_LCD/text_LCD.runs/impl_1/text_LCD_basic.bit} [get_hw_devices xc7s75_0]
program_hw_devices [get_hw_devices xc7s75_0]
refresh_hw_device [lindex [get_hw_devices xc7s75_0] 0]
set_property PROBES.FILE {} [get_hw_devices xc7s75_0]
set_property FULL_PROBES.FILE {} [get_hw_devices xc7s75_0]
set_property PROGRAM.FILE {C:/Users/82106/Documents/GitHub/ECE_exp2/week11/text_LCD/text_LCD/text_LCD.runs/impl_1/text_LCD_basic.bit} [get_hw_devices xc7s75_0]
program_hw_devices [get_hw_devices xc7s75_0]
refresh_hw_device [lindex [get_hw_devices xc7s75_0] 0]
reset_run synth_1
launch_runs impl_1 -jobs 4
wait_on_run impl_1
launch_runs impl_1 -to_step write_bitstream -jobs 4
wait_on_run impl_1
set_property PROBES.FILE {} [get_hw_devices xc7s75_0]
set_property FULL_PROBES.FILE {} [get_hw_devices xc7s75_0]
set_property PROGRAM.FILE {C:/Users/82106/Documents/GitHub/ECE_exp2/week11/text_LCD/text_LCD/text_LCD.runs/impl_1/text_LCD_basic.bit} [get_hw_devices xc7s75_0]
program_hw_devices [get_hw_devices xc7s75_0]
refresh_hw_device [lindex [get_hw_devices xc7s75_0] 0]
reset_run synth_1
launch_runs impl_1 -jobs 4
wait_on_run impl_1
synth_design -rtl -rtl_skip_mlo -name rtl_1
reset_run synth_1
launch_runs impl_1 -jobs 4
wait_on_run impl_1
reset_run synth_1
launch_runs impl_1 -jobs 4
wait_on_run impl_1
reset_run synth_1
launch_runs impl_1 -jobs 4
wait_on_run impl_1
launch_runs impl_1 -to_step write_bitstream -jobs 4
wait_on_run impl_1
disconnect_hw_server localhost:3121
connect_hw_server -allow_non_jtag
open_hw_target
set_property PROGRAM.FILE {C:/Users/82106/Documents/GitHub/ECE_exp2/week11/text_LCD/text_LCD/text_LCD.runs/impl_1/text_LCD_basic.bit} [get_hw_devices xc7s75_0]
current_hw_device [get_hw_devices xc7s75_0]
refresh_hw_device -update_hw_probes false [lindex [get_hw_devices xc7s75_0] 0]
set_property PROBES.FILE {} [get_hw_devices xc7s75_0]
set_property FULL_PROBES.FILE {} [get_hw_devices xc7s75_0]
set_property PROGRAM.FILE {C:/Users/82106/Documents/GitHub/ECE_exp2/week11/text_LCD/text_LCD/text_LCD.runs/impl_1/text_LCD_basic.bit} [get_hw_devices xc7s75_0]
program_hw_devices [get_hw_devices xc7s75_0]
refresh_hw_device [lindex [get_hw_devices xc7s75_0] 0]
disconnect_hw_server localhost:3121
connect_hw_server -allow_non_jtag
open_hw_target
set_property PROGRAM.FILE {C:/Users/82106/Documents/GitHub/ECE_exp2/week11/text_LCD/text_LCD/text_LCD.runs/impl_1/text_LCD_basic.bit} [get_hw_devices xc7s75_0]
current_hw_device [get_hw_devices xc7s75_0]
refresh_hw_device -update_hw_probes false [lindex [get_hw_devices xc7s75_0] 0]
set_property PROBES.FILE {} [get_hw_devices xc7s75_0]
set_property FULL_PROBES.FILE {} [get_hw_devices xc7s75_0]
set_property PROGRAM.FILE {C:/Users/82106/Documents/GitHub/ECE_exp2/week11/text_LCD/text_LCD/text_LCD.runs/impl_1/text_LCD_basic.bit} [get_hw_devices xc7s75_0]
program_hw_devices [get_hw_devices xc7s75_0]
refresh_hw_device [lindex [get_hw_devices xc7s75_0] 0]
set_property PROBES.FILE {} [get_hw_devices xc7s75_0]
set_property FULL_PROBES.FILE {} [get_hw_devices xc7s75_0]
set_property PROGRAM.FILE {C:/Users/82106/Documents/GitHub/ECE_exp2/week11/text_LCD/text_LCD/text_LCD.runs/impl_1/text_LCD_basic.bit} [get_hw_devices xc7s75_0]
program_hw_devices [get_hw_devices xc7s75_0]
refresh_hw_device [lindex [get_hw_devices xc7s75_0] 0]
reset_run synth_1
launch_runs impl_1 -jobs 4
wait_on_run impl_1
launch_runs impl_1 -to_step write_bitstream -jobs 4
wait_on_run impl_1
open_run impl_1
set_property PROBES.FILE {} [get_hw_devices xc7s75_0]
set_property FULL_PROBES.FILE {} [get_hw_devices xc7s75_0]
set_property PROGRAM.FILE {C:/Users/82106/Documents/GitHub/ECE_exp2/week11/text_LCD/text_LCD/text_LCD.runs/impl_1/text_LCD_basic.bit} [get_hw_devices xc7s75_0]
program_hw_devices [get_hw_devices xc7s75_0]
refresh_hw_device [lindex [get_hw_devices xc7s75_0] 0]
startgroup
set_property package_pin "" [get_ports [list  {LCD_DATA[0]}]]
place_ports {LCD_DATA[7]} D1
endgroup
startgroup
set_property package_pin "" [get_ports [list  {LCD_DATA[1]}]]
place_ports {LCD_DATA[6]} C1
endgroup
startgroup
set_property package_pin "" [get_ports [list  {LCD_DATA[2]}]]
place_ports {LCD_DATA[5]} C5
endgroup
startgroup
set_property package_pin "" [get_ports [list  {LCD_DATA[3]}]]
place_ports {LCD_DATA[4]} A2
endgroup
place_ports {LCD_DATA[3]} D4
place_ports {LCD_DATA[2]} C3
place_ports {LCD_DATA[1]} B2
place_ports {LCD_DATA[0]} A4
save_constraints -force
reset_run impl_1
launch_runs impl_1 -jobs 4
wait_on_run impl_1
launch_runs impl_1 -to_step write_bitstream -jobs 4
wait_on_run impl_1
set_property PROBES.FILE {} [get_hw_devices xc7s75_0]
set_property FULL_PROBES.FILE {} [get_hw_devices xc7s75_0]
set_property PROGRAM.FILE {C:/Users/82106/Documents/GitHub/ECE_exp2/week11/text_LCD/text_LCD/text_LCD.runs/impl_1/text_LCD_basic.bit} [get_hw_devices xc7s75_0]
program_hw_devices [get_hw_devices xc7s75_0]
refresh_hw_device [lindex [get_hw_devices xc7s75_0] 0]
set_property PROBES.FILE {} [get_hw_devices xc7s75_0]
set_property FULL_PROBES.FILE {} [get_hw_devices xc7s75_0]
set_property PROGRAM.FILE {C:/Users/82106/Documents/GitHub/ECE_exp2/week11/text_LCD/text_LCD/text_LCD.runs/impl_1/text_LCD_basic.bit} [get_hw_devices xc7s75_0]
program_hw_devices [get_hw_devices xc7s75_0]
refresh_hw_device [lindex [get_hw_devices xc7s75_0] 0]
reset_run synth_1
launch_runs impl_1 -jobs 4
wait_on_run impl_1
launch_runs impl_1 -to_step write_bitstream -jobs 4
wait_on_run impl_1
set_property PROBES.FILE {} [get_hw_devices xc7s75_0]
set_property FULL_PROBES.FILE {} [get_hw_devices xc7s75_0]
set_property PROGRAM.FILE {C:/Users/82106/Documents/GitHub/ECE_exp2/week11/text_LCD/text_LCD/text_LCD.runs/impl_1/text_LCD_basic.bit} [get_hw_devices xc7s75_0]
program_hw_devices [get_hw_devices xc7s75_0]
refresh_hw_device [lindex [get_hw_devices xc7s75_0] 0]
disconnect_hw_server localhost:3121
connect_hw_server -allow_non_jtag
open_hw_target
set_property PROGRAM.FILE {C:/Users/82106/Documents/GitHub/ECE_exp2/week11/text_LCD/text_LCD/text_LCD.runs/impl_1/text_LCD_basic.bit} [get_hw_devices xc7s75_0]
current_hw_device [get_hw_devices xc7s75_0]
refresh_hw_device -update_hw_probes false [lindex [get_hw_devices xc7s75_0] 0]
set_property PROBES.FILE {} [get_hw_devices xc7s75_0]
set_property FULL_PROBES.FILE {} [get_hw_devices xc7s75_0]
set_property PROGRAM.FILE {C:/Users/82106/Documents/GitHub/ECE_exp2/week11/text_LCD/text_LCD/text_LCD.runs/impl_1/text_LCD_basic.bit} [get_hw_devices xc7s75_0]
program_hw_devices [get_hw_devices xc7s75_0]
refresh_hw_device [lindex [get_hw_devices xc7s75_0] 0]
reset_run synth_1
launch_runs impl_1 -jobs 4
wait_on_run impl_1
launch_runs impl_1 -to_step write_bitstream -jobs 4
wait_on_run impl_1
set_property PROBES.FILE {} [get_hw_devices xc7s75_0]
set_property FULL_PROBES.FILE {} [get_hw_devices xc7s75_0]
set_property PROGRAM.FILE {C:/Users/82106/Documents/GitHub/ECE_exp2/week11/text_LCD/text_LCD/text_LCD.runs/impl_1/text_LCD_basic.bit} [get_hw_devices xc7s75_0]
program_hw_devices [get_hw_devices xc7s75_0]
refresh_hw_device [lindex [get_hw_devices xc7s75_0] 0]
reset_run synth_1
launch_runs impl_1 -jobs 4
wait_on_run impl_1
launch_runs impl_1 -to_step write_bitstream -jobs 4
wait_on_run impl_1
set_property PROBES.FILE {} [get_hw_devices xc7s75_0]
set_property FULL_PROBES.FILE {} [get_hw_devices xc7s75_0]
set_property PROGRAM.FILE {C:/Users/82106/Documents/GitHub/ECE_exp2/week11/text_LCD/text_LCD/text_LCD.runs/impl_1/text_LCD_basic.bit} [get_hw_devices xc7s75_0]
program_hw_devices [get_hw_devices xc7s75_0]
refresh_hw_device [lindex [get_hw_devices xc7s75_0] 0]
reset_run synth_1
launch_runs impl_1 -jobs 4
wait_on_run impl_1
launch_runs impl_1 -to_step write_bitstream -jobs 4
wait_on_run impl_1
set_property PROBES.FILE {} [get_hw_devices xc7s75_0]
set_property FULL_PROBES.FILE {} [get_hw_devices xc7s75_0]
set_property PROGRAM.FILE {C:/Users/82106/Documents/GitHub/ECE_exp2/week11/text_LCD/text_LCD/text_LCD.runs/impl_1/text_LCD_basic.bit} [get_hw_devices xc7s75_0]
program_hw_devices [get_hw_devices xc7s75_0]
refresh_hw_device [lindex [get_hw_devices xc7s75_0] 0]
reset_run synth_1
launch_runs impl_1 -jobs 4
wait_on_run impl_1
launch_runs impl_1 -to_step write_bitstream -jobs 4
wait_on_run impl_1
set_property PROBES.FILE {} [get_hw_devices xc7s75_0]
set_property FULL_PROBES.FILE {} [get_hw_devices xc7s75_0]
set_property PROGRAM.FILE {C:/Users/82106/Documents/GitHub/ECE_exp2/week11/text_LCD/text_LCD/text_LCD.runs/impl_1/text_LCD_basic.bit} [get_hw_devices xc7s75_0]
program_hw_devices [get_hw_devices xc7s75_0]
refresh_hw_device [lindex [get_hw_devices xc7s75_0] 0]
set_property PROBES.FILE {} [get_hw_devices xc7s75_0]
set_property FULL_PROBES.FILE {} [get_hw_devices xc7s75_0]
set_property PROGRAM.FILE {C:/Users/82106/Documents/GitHub/ECE_exp2/week11/text_LCD/text_LCD/text_LCD.runs/impl_1/text_LCD_basic.bit} [get_hw_devices xc7s75_0]
program_hw_devices [get_hw_devices xc7s75_0]
refresh_hw_device [lindex [get_hw_devices xc7s75_0] 0]
reset_run synth_1
launch_runs impl_1 -to_step write_bitstream -jobs 4
wait_on_run impl_1
set_property PROBES.FILE {} [get_hw_devices xc7s75_0]
set_property FULL_PROBES.FILE {} [get_hw_devices xc7s75_0]
set_property PROGRAM.FILE {C:/Users/82106/Documents/GitHub/ECE_exp2/week11/text_LCD/text_LCD/text_LCD.runs/impl_1/text_LCD_basic.bit} [get_hw_devices xc7s75_0]
program_hw_devices [get_hw_devices xc7s75_0]
refresh_hw_device [lindex [get_hw_devices xc7s75_0] 0]
