#-----------------------------------------------------------
# Vivado v2023.1 (64-bit)
# SW Build 3865809 on Sun May  7 15:05:29 MDT 2023
# IP Build 3864474 on Sun May  7 20:36:21 MDT 2023
# SharedData Build 3865790 on Sun May 07 13:33:03 MDT 2023
# Start of session at: Sat Oct 28 03:17:13 2023
# Process ID: 11204
# Current directory: C:/Users/82106/Documents/GitHub/ECE_exp2/week5/up/up
# Command line: vivado.exe -gui_launcher_event rodinguilauncherevent15288 C:\Users\82106\Documents\GitHub\ECE_exp2\week5\up\up\up.xpr
# Log file: C:/Users/82106/Documents/GitHub/ECE_exp2/week5/up/up/vivado.log
# Journal file: C:/Users/82106/Documents/GitHub/ECE_exp2/week5/up/up\vivado.jou
# Running On: BAYERNchampions, OS: Windows, CPU Frequency: 2496 MHz, CPU Physical cores: 4, Host memory: 16873 MB
#-----------------------------------------------------------
start_gui
open_project C:/Users/82106/Documents/GitHub/ECE_exp2/week5/up/up/up.xpr
update_compile_order -fileset sources_1
synth_design -rtl -rtl_skip_mlo -name rtl_1
launch_runs impl_1 -jobs 4
wait_on_run impl_1
file mkdir C:/Users/82106/Documents/GitHub/ECE_exp2/week5/up/up/up.srcs/sim_1/new
set_property SOURCE_SET sources_1 [get_filesets sim_1]
close [ open C:/Users/82106/Documents/GitHub/ECE_exp2/week5/up/up/up.srcs/sim_1/new/up_tb.v w ]
add_files -fileset sim_1 C:/Users/82106/Documents/GitHub/ECE_exp2/week5/up/up/up.srcs/sim_1/new/up_tb.v
update_compile_order -fileset sim_1
close_design
open_run impl_1
update_compile_order -fileset sim_1
launch_simulation
source up_tb.tcl
close_sim
launch_simulation
source up_tb.tcl
close_sim
launch_simulation
source up_tb.tcl
close_sim
