#-----------------------------------------------------------
# Vivado v2023.1 (64-bit)
# SW Build 3865809 on Sun May  7 15:05:29 MDT 2023
# IP Build 3864474 on Sun May  7 20:36:21 MDT 2023
# SharedData Build 3865790 on Sun May 07 13:33:03 MDT 2023
# Start of session at: Mon Nov 13 11:25:03 2023
# Process ID: 12216
# Current directory: C:/Users/82106/Documents/GitHub/ECE_exp2/week11/text_LCD/text_LCD_shift/text_LCD_shift/text_LCD_shift.runs/impl_1
# Command line: vivado.exe -log text_LCD_shift.vdi -applog -product Vivado -messageDb vivado.pb -mode batch -source text_LCD_shift.tcl -notrace
# Log file: C:/Users/82106/Documents/GitHub/ECE_exp2/week11/text_LCD/text_LCD_shift/text_LCD_shift/text_LCD_shift.runs/impl_1/text_LCD_shift.vdi
# Journal file: C:/Users/82106/Documents/GitHub/ECE_exp2/week11/text_LCD/text_LCD_shift/text_LCD_shift/text_LCD_shift.runs/impl_1\vivado.jou
# Running On: BAYERNchampions, OS: Windows, CPU Frequency: 2496 MHz, CPU Physical cores: 4, Host memory: 16873 MB
#-----------------------------------------------------------
source text_LCD_shift.tcl -notrace
