#-----------------------------------------------------------
# Vivado v2023.1 (64-bit)
# SW Build 3865809 on Sun May  7 15:05:29 MDT 2023
# IP Build 3864474 on Sun May  7 20:36:21 MDT 2023
# SharedData Build 3865790 on Sun May 07 13:33:03 MDT 2023
# Start of session at: Fri Nov 10 23:42:51 2023
# Process ID: 12596
# Current directory: C:/Users/82106/Documents/GitHub/ECE_exp2/week11/LED_1color/LED_control
# Command line: vivado.exe -gui_launcher_event rodinguilauncherevent12648 C:\Users\82106\Documents\GitHub\ECE_exp2\week11\LED_1color\LED_control\LED_control.xpr
# Log file: C:/Users/82106/Documents/GitHub/ECE_exp2/week11/LED_1color/LED_control/vivado.log
# Journal file: C:/Users/82106/Documents/GitHub/ECE_exp2/week11/LED_1color/LED_control\vivado.jou
# Running On: BAYERNchampions, OS: Windows, CPU Frequency: 2496 MHz, CPU Physical cores: 4, Host memory: 16873 MB
#-----------------------------------------------------------
start_gui
open_project C:/Users/82106/Documents/GitHub/ECE_exp2/week11/LED_1color/LED_control/LED_control.xpr
update_compile_order -fileset sources_1
launch_simulation
source control_tb.tcl
relaunch_sim
run 15355 us
close_sim
launch_simulation
source control_tb.tcl
relaunch_sim
run 15355 us
close_sim
launch_simulation
source control_tb.tcl
relaunch_sim
run 15355 us
close_sim
