#-----------------------------------------------------------
# Vivado v2023.1 (64-bit)
# SW Build 3865809 on Sun May  7 15:05:29 MDT 2023
# IP Build 3864474 on Sun May  7 20:36:21 MDT 2023
# SharedData Build 3865790 on Sun May 07 13:33:03 MDT 2023
# Start of session at: Mon Nov 13 12:12:58 2023
# Process ID: 11480
# Current directory: C:/Users/82106/Documents/GitHub/ECE_exp2/week12/text_LCD_2/text_LCD_2
# Command line: vivado.exe -gui_launcher_event rodinguilauncherevent11028 C:\Users\82106\Documents\GitHub\ECE_exp2\week12\text_LCD_2\text_LCD_2\text_LCD_2.xpr
# Log file: C:/Users/82106/Documents/GitHub/ECE_exp2/week12/text_LCD_2/text_LCD_2/vivado.log
# Journal file: C:/Users/82106/Documents/GitHub/ECE_exp2/week12/text_LCD_2/text_LCD_2\vivado.jou
# Running On: BAYERNchampions, OS: Windows, CPU Frequency: 2496 MHz, CPU Physical cores: 4, Host memory: 16873 MB
#-----------------------------------------------------------
start_gui
open_project C:/Users/82106/Documents/GitHub/ECE_exp2/week12/text_LCD_2/text_LCD_2/text_LCD_2.xpr
update_compile_order -fileset sources_1
launch_runs impl_1 -jobs 4
wait_on_run impl_1
synth_design -rtl -rtl_skip_mlo -name rtl_1
update_compile_order -fileset sources_1
synth_design -rtl -rtl_skip_mlo -name rtl_1
set_property IOSTANDARD LVCMOS33 [get_ports [list LCD_E]]
set_property IOSTANDARD LVCMOS33 [get_ports [list LCD_E]]
set_property IOSTANDARD LVCMOS33 [get_ports [list LCD_RS]]
set_property IOSTANDARD LVCMOS33 [get_ports [list clk]]
set_property IOSTANDARD LVCMOS33 [get_ports [list LCD_RW]]
set_property IOSTANDARD LVCMOS33 [get_ports [list rst]]
set_property IOSTANDARD LVCMOS33 [get_ports [list switch]]
set_property IOSTANDARD LVCMOS33 [get_ports [list {LCD_DATA[7]}]]
set_property IOSTANDARD LVCMOS33 [get_ports [list {LCD_DATA[5]}]]
set_property IOSTANDARD LVCMOS33 [get_ports [list {LCD_DATA[4]}]]
set_property IOSTANDARD LVCMOS33 [get_ports [list {LCD_DATA[6]}]]
set_property IOSTANDARD LVCMOS33 [get_ports [list {LCD_DATA[3]}]]
set_property IOSTANDARD LVCMOS33 [get_ports [list {LCD_DATA[2]}]]
set_property IOSTANDARD LVCMOS33 [get_ports [list {LCD_DATA[1]}]]
set_property IOSTANDARD LVCMOS33 [get_ports [list {LCD_DATA[0]}]]
set_property IOSTANDARD LVCMOS33 [get_ports [list {LED_out[7]}]]
set_property IOSTANDARD LVCMOS33 [get_ports [list {LED_out[6]}]]
set_property IOSTANDARD LVCMOS33 [get_ports [list {LED_out[4]}]]
set_property IOSTANDARD LVCMOS33 [get_ports [list {LED_out[5]}]]
set_property IOSTANDARD LVCMOS33 [get_ports [list {LED_out[3]}]]
set_property IOSTANDARD LVCMOS33 [get_ports [list {LED_out[2]}]]
set_property IOSTANDARD LVCMOS33 [get_ports [list {LED_out[1]}]]
set_property IOSTANDARD LVCMOS33 [get_ports [list {LED_out[0]}]]
set_property IOSTANDARD LVCMOS33 [get_ports [list {control_btn[0]}]]
set_property IOSTANDARD LVCMOS33 [get_ports [list {control_btn[1]}]]
set_property IOSTANDARD LVCMOS33 [get_ports [list {number_btn[9]}]]
set_property IOSTANDARD LVCMOS33 [get_ports [list {number_btn[8]}]]
set_property IOSTANDARD LVCMOS33 [get_ports [list {number_btn[7]}]]
set_property IOSTANDARD LVCMOS33 [get_ports [list {number_btn[6]}]]
set_property IOSTANDARD LVCMOS33 [get_ports [list {number_btn[5]}]]
set_property IOSTANDARD LVCMOS33 [get_ports [list {number_btn[4]}]]
set_property IOSTANDARD LVCMOS33 [get_ports [list {number_btn[3]}]]
set_property IOSTANDARD LVCMOS33 [get_ports [list {number_btn[2]}]]
set_property IOSTANDARD LVCMOS33 [get_ports [list {number_btn[1]}]]
set_property IOSTANDARD LVCMOS33 [get_ports [list {number_btn[0]}]]
place_ports {control_btn[1]} L7
place_ports {control_btn[0]} K6
place_ports {number_btn[9]} K2
place_ports {number_btn[8]} J2
place_ports {number_btn[7]} L5
place_ports {number_btn[6]} N6
place_ports {number_btn[5]} P6
place_ports {number_btn[4]} N1
place_ports {number_btn[3]} N4
place_ports {number_btn[2]} N8
place_ports {number_btn[1]} K4
place_ports {number_btn[0]} L12
place_ports {LED_out[7]} L4
place_ports {LED_out[6]} M4
place_ports {LED_out[5]} M2
place_ports {LED_out[4]} N7
place_ports {LED_out[3]} M7
place_ports {LED_out[2]} M3
place_ports {LED_out[1]} M1
place_ports {LED_out[0]} N5
place_ports {LCD_DATA[7]} D1
place_ports {LCD_DATA[6]} C1
place_ports {LCD_DATA[5]} C5
place_ports {LCD_DATA[4]} A2
place_ports {LCD_DATA[3]} D4
place_ports {LCD_DATA[2]} C3
place_ports {LCD_DATA[1]} B2
place_ports {LCD_DATA[0]} A4
place_ports clk B6
place_ports rst Y1
place_ports switch W3
place_ports LCD_E A6
place_ports LCD_RS G6
place_ports LCD_RW D6
file mkdir C:/Users/82106/Documents/GitHub/ECE_exp2/week12/text_LCD_2/text_LCD_2/text_LCD_2.srcs/constrs_1/new
close [ open C:/Users/82106/Documents/GitHub/ECE_exp2/week12/text_LCD_2/text_LCD_2/text_LCD_2.srcs/constrs_1/new/LCD.xdc w ]
add_files -fileset constrs_1 C:/Users/82106/Documents/GitHub/ECE_exp2/week12/text_LCD_2/text_LCD_2/text_LCD_2.srcs/constrs_1/new/LCD.xdc
set_property target_constrs_file C:/Users/82106/Documents/GitHub/ECE_exp2/week12/text_LCD_2/text_LCD_2/text_LCD_2.srcs/constrs_1/new/LCD.xdc [current_fileset -constrset]
save_constraints -force
reset_run synth_1
launch_runs impl_1 -jobs 4
wait_on_run impl_1
launch_runs impl_1 -to_step write_bitstream -jobs 4
wait_on_run impl_1
reset_run impl_1 -prev_step 
launch_runs impl_1 -to_step write_bitstream -jobs 4
wait_on_run impl_1
open_hw_manager
connect_hw_server -allow_non_jtag
open_hw_target
current_hw_device [get_hw_devices xc7s75_0]
refresh_hw_device -update_hw_probes false [lindex [get_hw_devices xc7s75_0] 0]
reset_run impl_1 -prev_step 
launch_runs impl_1 -to_step write_bitstream -jobs 4
wait_on_run impl_1
close_hw_manager
set_property package_pin "" [get_ports [list  {number_btn[9]}]]
set_property package_pin "" [get_ports [list  {number_btn[8]}]]
set_property package_pin "" [get_ports [list  {number_btn[7]}]]
set_property package_pin "" [get_ports [list  {number_btn[6]}]]
set_property package_pin "" [get_ports [list  {number_btn[4]}]]
set_property package_pin "" [get_ports [list  {number_btn[3]}]]
set_property package_pin "" [get_ports [list  {number_btn[5]}]]
set_property package_pin "" [get_ports [list  {number_btn[2]}]]
set_property package_pin "" [get_ports [list  {number_btn[1]}]]
set_property package_pin "" [get_ports [list  {number_btn[0]}]]
place_ports {number_btn[9]} K4
place_ports {number_btn[8]} N8
place_ports {number_btn[7]} N4
place_ports {number_btn[6]} N1
place_ports {number_btn[5]} P6
place_ports {number_btn[4]} N6
place_ports {number_btn[3]} L5
place_ports {number_btn[2]} J2
place_ports {number_btn[1]} K2
place_ports {number_btn[0]} L1
save_constraints -force
reset_run impl_1
launch_runs impl_1 -to_step write_bitstream -jobs 4
wait_on_run impl_1
open_hw_manager
connect_hw_server -allow_non_jtag
open_hw_target
set_property PROGRAM.FILE {C:/Users/82106/Documents/GitHub/ECE_exp2/week12/text_LCD_2/text_LCD_2/text_LCD_2.runs/impl_1/text_LCD_2.bit} [get_hw_devices xc7s75_0]
current_hw_device [get_hw_devices xc7s75_0]
refresh_hw_device -update_hw_probes false [lindex [get_hw_devices xc7s75_0] 0]
set_property PROBES.FILE {} [get_hw_devices xc7s75_0]
set_property FULL_PROBES.FILE {} [get_hw_devices xc7s75_0]
set_property PROGRAM.FILE {C:/Users/82106/Documents/GitHub/ECE_exp2/week12/text_LCD_2/text_LCD_2/text_LCD_2.runs/impl_1/text_LCD_2.bit} [get_hw_devices xc7s75_0]
program_hw_devices [get_hw_devices xc7s75_0]
refresh_hw_device [lindex [get_hw_devices xc7s75_0] 0]
set_property PROBES.FILE {} [get_hw_devices xc7s75_0]
set_property FULL_PROBES.FILE {} [get_hw_devices xc7s75_0]
set_property PROGRAM.FILE {C:/Users/82106/Documents/GitHub/ECE_exp2/week12/text_LCD_2/text_LCD_2/text_LCD_2.runs/impl_1/text_LCD_2.bit} [get_hw_devices xc7s75_0]
program_hw_devices [get_hw_devices xc7s75_0]
refresh_hw_device [lindex [get_hw_devices xc7s75_0] 0]
