#-----------------------------------------------------------
# Vivado v2023.1 (64-bit)
# SW Build 3865809 on Sun May  7 15:05:29 MDT 2023
# IP Build 3864474 on Sun May  7 20:36:21 MDT 2023
# SharedData Build 3865790 on Sun May 07 13:33:03 MDT 2023
# Start of session at: Sun Sep 24 18:01:26 2023
# Process ID: 6392
# Current directory: C:/Users/82106/Documents/GitHub/ECE_exp2/week4/tffwithos/tffwithos
# Command line: vivado.exe -gui_launcher_event rodinguilauncherevent4608 C:\Users\82106\Documents\GitHub\ECE_exp2\week4\tffwithos\tffwithos\tffwithos.xpr
# Log file: C:/Users/82106/Documents/GitHub/ECE_exp2/week4/tffwithos/tffwithos/vivado.log
# Journal file: C:/Users/82106/Documents/GitHub/ECE_exp2/week4/tffwithos/tffwithos\vivado.jou
# Running On: BAYERNchampions, OS: Windows, CPU Frequency: 2496 MHz, CPU Physical cores: 4, Host memory: 16873 MB
#-----------------------------------------------------------
start_gui
open_project C:/Users/82106/Documents/GitHub/ECE_exp2/week4/tffwithos/tffwithos/tffwithos.xpr
update_compile_order -fileset sources_1
export_ip_user_files -of_objects  [get_files C:/Users/82106/Documents/GitHub/ECE_exp2/week4/tffwithos/tffwithos/tffwithos.srcs/sources_1/new/tffwithos.v] -no_script -reset -force -quiet
remove_files  C:/Users/82106/Documents/GitHub/ECE_exp2/week4/tffwithos/tffwithos/tffwithos.srcs/sources_1/new/tffwithos.v
close [ open C:/Users/82106/Documents/GitHub/ECE_exp2/week4/tffwithos/tffwithos/tffwithos.srcs/sources_1/new/TFF_oneshot.v w ]
add_files C:/Users/82106/Documents/GitHub/ECE_exp2/week4/tffwithos/tffwithos/tffwithos.srcs/sources_1/new/TFF_oneshot.v
synth_design -rtl -rtl_skip_mlo -name rtl_1
synth_design -rtl -rtl_skip_mlo -name rtl_1
synth_design -rtl -rtl_skip_mlo -name rtl_1
synth_design -rtl -rtl_skip_mlo -name rtl_1
synth_design -rtl -rtl_skip_mlo -name rtl_1
synth_design -rtl -rtl_skip_mlo -name rtl_1
synth_design -rtl -rtl_skip_mlo -name rtl_1
synth_design -rtl -rtl_skip_mlo -name rtl_1
file mkdir C:/Users/82106/Documents/GitHub/ECE_exp2/week4/tffwithos/tffwithos/tffwithos.srcs/sim_1/new
set_property SOURCE_SET sources_1 [get_filesets sim_1]
close [ open C:/Users/82106/Documents/GitHub/ECE_exp2/week4/tffwithos/tffwithos/tffwithos.srcs/sim_1/new/TFF_oneshot_tb.v w ]
add_files -fileset sim_1 C:/Users/82106/Documents/GitHub/ECE_exp2/week4/tffwithos/tffwithos/tffwithos.srcs/sim_1/new/TFF_oneshot_tb.v
update_compile_order -fileset sim_1
update_compile_order -fileset sim_1
synth_design -rtl -rtl_skip_mlo -name rtl_1
synth_design -rtl -rtl_skip_mlo -name rtl_1
synth_design -top TFF_oneshot -part xc7s75fgga484-1 -lint 
launch_simulation
source TFF_oneshot_tb.tcl
set_property IOSTANDARD LVCMOS33 [get_ports [list Q]]
set_property IOSTANDARD LVCMOS33 [get_ports [list Q]]
set_property IOSTANDARD LVCMOS33 [get_ports [list T]]
set_property IOSTANDARD LVCMOS33 [get_ports [list clk]]
set_property IOSTANDARD LVCMOS33 [get_ports [list rst]]
place_ports T Y1
place_ports Q L4
place_ports clk K4
place_ports rst N8
file mkdir C:/Users/82106/Documents/GitHub/ECE_exp2/week4/tffwithos/tffwithos/tffwithos.srcs/constrs_1/new
close [ open C:/Users/82106/Documents/GitHub/ECE_exp2/week4/tffwithos/tffwithos/tffwithos.srcs/constrs_1/new/TFF_oneshot.xdc w ]
add_files -fileset constrs_1 C:/Users/82106/Documents/GitHub/ECE_exp2/week4/tffwithos/tffwithos/tffwithos.srcs/constrs_1/new/TFF_oneshot.xdc
set_property target_constrs_file C:/Users/82106/Documents/GitHub/ECE_exp2/week4/tffwithos/tffwithos/tffwithos.srcs/constrs_1/new/TFF_oneshot.xdc [current_fileset -constrset]
save_constraints -force
close_design
launch_runs impl_1 -jobs 4
wait_on_run impl_1
close_sim
launch_simulation
launch_simulation
reset_run synth_1
launch_runs impl_1 -jobs 4
wait_on_run impl_1
reset_run synth_1
launch_runs impl_1 -jobs 4
wait_on_run impl_1
launch_simulation
source TFF_oneshot_tb.tcl
open_run impl_1
close_sim
